e:\c语言\c语言\isolet\toolmanager优化版\toolmanager优化版\x64\debug\vc143.pdb
e:\c语言\c语言\isolet\toolmanager优化版\toolmanager优化版\x64\debug\vc143.idb
e:\c语言\c语言\isolet\toolmanager优化版\toolmanager优化版\x64\debug\utils.obj
e:\c语言\c语言\isolet\toolmanager优化版\toolmanager优化版\x64\debug\user.obj
e:\c语言\c语言\isolet\toolmanager优化版\toolmanager优化版\x64\debug\tool.obj
e:\c语言\c语言\isolet\toolmanager优化版\toolmanager优化版\x64\debug\stats.obj
e:\c语言\c语言\isolet\toolmanager优化版\toolmanager优化版\x64\debug\main.obj
e:\c语言\c语言\isolet\toolmanager优化版\toolmanager优化版\x64\debug\file.obj
e:\c语言\c语言\isolet\toolmanager优化版\toolmanager优化版\x64\debug\borrow.obj
e:\c语言\c语言\isolet\toolmanager优化版\toolmanager优化版\x64\debug\auth.obj
e:\c语言\c语言\isolet\toolmanager优化版\x64\debug\toolmanager优化版.exe
e:\c语言\c语言\isolet\toolmanager优化版\x64\debug\toolmanager优化版.pdb
e:\c语言\c语言\isolet\toolmanager优化版\toolmanager优化版\x64\debug\toolmanager优化版.ilk
e:\c语言\c语言\isolet\toolmanager优化版\toolmanager优化版\x64\debug\toolmanager优化版.tlog\cl.command.1.tlog
e:\c语言\c语言\isolet\toolmanager优化版\toolmanager优化版\x64\debug\toolmanager优化版.tlog\cl.items.tlog
e:\c语言\c语言\isolet\toolmanager优化版\toolmanager优化版\x64\debug\toolmanager优化版.tlog\cl.read.1.tlog
e:\c语言\c语言\isolet\toolmanager优化版\toolmanager优化版\x64\debug\toolmanager优化版.tlog\cl.write.1.tlog
e:\c语言\c语言\isolet\toolmanager优化版\toolmanager优化版\x64\debug\toolmanager优化版.tlog\link.command.1.tlog
e:\c语言\c语言\isolet\toolmanager优化版\toolmanager优化版\x64\debug\toolmanager优化版.tlog\link.read.1.tlog
e:\c语言\c语言\isolet\toolmanager优化版\toolmanager优化版\x64\debug\toolmanager优化版.tlog\link.secondary.1.tlog
e:\c语言\c语言\isolet\toolmanager优化版\toolmanager优化版\x64\debug\toolmanager优化版.tlog\link.write.1.tlog
